2026-09-07 10:20:15 INFO User logged in
2026-09-07 10:21:03 INFO Payment request started
2026-09-07 10:22:17 WARNING API response time is slow
2026-09-07 10:23:41 ERROR Database connection failed
2026-09-07 10:24:08 INFO User profile updated
2026-09-07 10:25:32 ERROR Invalid username or password
2026-09-07 10:26:19 WARNING Payment service response is slow
2026-09-07 10:27:45 ERROR Network connection timeout
2026-09-07 10:28:11 CRITICAL Payment gateway is unavailable
2026-09-07 10:29:36 INFO User logged out
2026-09-08 12:00:00 ERROR Test database connection failed
2026-09-08 12:05:00 ERROR Another database connection failed
2026-09-08 12:20:00 ERROR Payment gateway is unavailable
2026-09-08 12:30:00 ERROR Database connection failed
2026-09-08 12:31:00 CRITICAL Payment gateway is unavailable
2026-09-09 16:30:00 CRITICAL Payment gateway is unavailable
2026-09-09 16:31:00 CRITICAL Payment gateway is unavailable
2026-09-09 16:32:00 ERROR Database connection failed
2026-09-09 18:31:00 CRITICAL Final alert log test
2026-09-09 18:32:00 CRITICAL Final alert log test
2026-09-10 12:15:00 ERROR Payment gateway timeout occurred
2026-09-10 12:16:00 ERROR Payment gateway timeout occurred
2026-09-10 12:17:00 ERROR Payment gateway timeout occurred
2026-09-09 18:33:00 WARNING Final alert log test
2025-09-10 12:17:00 ERROR Payment gateway timeout occurred
2025-09-10 12:18:00 WARNING Payment gateway timeout occurred
2026-09-10 12:20:00 ERROR Payment gateway timeout occurred
2026-09-10 12:21:00 CRITICAL Payment gateway is unavailable
2026-09-10 16:40:00 ERROR Payment gateway timeout occurred
2026-08-10 14:39:00 ERROR Another Database failed
2026-08-10 14:39:00 ERROR Another Database failed
2026-09-10 16:50:00 ERROR Test live monitoring system
2026-09-08 10:05:00 CRITICAL Payment gateway is unavailable
2026-09-10 17:00:00 ERROR LIVE TEST SUCCESS
2026-09-10 17:10:00 INFO LIVE MONITOR TEST
2026-09-10 17:11:00 ERROR LIVE ERROR TEST
2026-09-10 17:20:00 INFO DIRECT MONITOR TEST2026-09-10 17:35:00 ERROR LIVE API MONITOR TEST
2026-09-10 17:35:00 ERROR LIVE API MONITOR TEST
2026-09-10 17:50:00 ERROR DIRECT WAIT TEST
2026-09-10 18:00:00 ERROR LIVE API FINAL TEST